Looking in indexes: https://download.pytorch.org/whl/cpu
Collecting torch
  Downloading torch-2.14.0%2Bcpu-cp312-cp312-manylinux_2_28_x86_64.whl.metadata (37 kB)
Collecting filelock (from torch)
  Downloading filelock-3.32.3-py3-none-any.whl.metadata (2.0 kB)
Collecting typing-extensions>=4.10.0 (from torch)
  Using cached typing_extensions-4.16.0-py3-none-any.whl.metadata (3.3 kB)
Collecting setuptools>=77.0.3 (from torch)
  Downloading setuptools-78.1.0-py3-none-any.whl.metadata (6.6 kB)
Collecting sympy>=1.13.3 (from torch)
  Using cached sympy-1.14.0-py3-none-any.whl.metadata (12 kB)
Collecting networkx>=2.5.1 (from torch)
  Using cached networkx-3.6.1-py3-none-any.whl.metadata (6.8 kB)
Collecting jinja2 (from torch)
  Downloading jinja2-3.1.6-py3-none-any.whl.metadata (2.9 kB)
Collecting fsspec>=0.8.5 (from torch)
  Using cached fsspec-2026.7.0-py3-none-any.whl.metadata (10 kB)
Collecting mpmath<1.4,>=1.1.0 (from sympy>=1.13.3->torch)
  Using cached mpmath-1.3.0-py3-none-any.whl.metadata (8.6 kB)
Collecting MarkupSafe>=2.0 (from jinja2->torch)
  Downloading markupsafe-3.0.3-cp312-cp312-manylinux2014_x86_64.manylinux_2_17_x86_64.manylinux_2_28_x86_64.whl.metadata (2.7 kB)
Downloading torch-2.14.0%2Bcpu-cp312-cp312-manylinux_2_28_x86_64.whl (196.3 MB)
   ━━━━━━━━━━━━━━━━━━━━━━━━━━━━━━━━━━━━━━━━ 196.3/196.3 MB 38.8 MB/s  0:00:05
Downloading fsspec-2026.7.0-py3-none-any.whl (206 kB)
Downloading networkx-3.6.1-py3-none-any.whl (2.1 MB)
   ━━━━━━━━━━━━━━━━━━━━━━━━━━━━━━━━━━━━━━━━ 2.1/2.1 MB 12.1 MB/s  0:00:00
Downloading setuptools-78.1.0-py3-none-any.whl (1.3 MB)
   ━━━━━━━━━━━━━━━━━━━━━━━━━━━━━━━━━━━━━━━━ 1.3/1.3 MB 31.6 MB/s  0:00:00
Downloading sympy-1.14.0-py3-none-any.whl (6.3 MB)
   ━━━━━━━━━━━━━━━━━━━━━━━━━━━━━━━━━━━━━━━━ 6.3/6.3 MB 40.5 MB/s  0:00:00
Downloading mpmath-1.3.0-py3-none-any.whl (536 kB)
   ━━━━━━━━━━━━━━━━━━━━━━━━━━━━━━━━━━━━━━━━ 536.2/536.2 kB 11.6 MB/s  0:00:00
Downloading typing_extensions-4.16.0-py3-none-any.whl (45 kB)
Downloading filelock-3.32.3-py3-none-any.whl (98 kB)
Downloading jinja2-3.1.6-py3-none-any.whl (134 kB)
Downloading markupsafe-3.0.3-cp312-cp312-manylinux2014_x86_64.manylinux_2_17_x86_64.manylinux_2_28_x86_64.whl (22 kB)
Installing collected packages: mpmath, typing-extensions, sympy, setuptools, networkx, MarkupSafe, fsspec, filelock, jinja2, torch

ERROR: pip's dependency resolver does not currently take into account all the packages that are installed. This behaviour is the source of the following dependency conflicts.
summ-eval 0.892 requires bert-score, which is not installed.
summ-eval 0.892 requires blanc, which is not installed.
summ-eval 0.892 requires click, which is not installed.
summ-eval 0.892 requires cython, which is not installed.
summ-eval 0.892 requires moverscore, which is not installed.
summ-eval 0.892 requires nltk, which is not installed.
summ-eval 0.892 requires numpy>=1.11.0, which is not installed.
summ-eval 0.892 requires psutil, which is not installed.
summ-eval 0.892 requires pyemd==0.5.1, which is not installed.
summ-eval 0.892 requires pytorch-pretrained-bert, which is not installed.
summ-eval 0.892 requires sacremoses, which is not installed.
summ-eval 0.892 requires scipy, which is not installed.
summ-eval 0.892 requires six, which is not installed.
summ-eval 0.892 requires spacy>=2.2.0, which is not installed.
summ-eval 0.892 requires stanza, which is not installed.
summ-eval 0.892 requires transformers>=2.2.0, which is not installed.
Successfully installed MarkupSafe-3.0.3 filelock-3.32.3 fsspec-2026.7.0 jinja2-3.1.6 mpmath-1.3.0 networkx-3.6.1 setuptools-78.1.0 sympy-1.14.0 torch-2.14.0+cpu typing-extensions-4.16.0
Collecting bert-score
  Using cached bert_score-0.3.13-py3-none-any.whl.metadata (15 kB)
Requirement already satisfied: torch>=1.0.0 in /home/vscode/summeval-env/lib/python3.12/site-packages (from bert-score) (2.14.0+cpu)
Collecting pandas>=1.0.1 (from bert-score)
  Downloading pandas-3.0.6-cp312-cp312-manylinux_2_24_x86_64.manylinux_2_28_x86_64.whl.metadata (79 kB)
Collecting transformers>=3.0.0 (from bert-score)
  Downloading transformers-5.17.0-py3-none-any.whl.metadata (32 kB)
Collecting numpy (from bert-score)
  Downloading numpy-2.5.3-cp312-cp312-manylinux_2_27_x86_64.manylinux_2_28_x86_64.whl.metadata (6.6 kB)
Collecting requests (from bert-score)
  Using cached requests-2.34.2-py3-none-any.whl.metadata (4.8 kB)
Collecting tqdm>=4.31.1 (from bert-score)
  Downloading tqdm-4.70.1-py3-none-any.whl.metadata (57 kB)
Collecting matplotlib (from bert-score)
  Downloading matplotlib-3.11.2-cp312-cp312-manylinux2014_x86_64.manylinux_2_17_x86_64.whl.metadata (80 kB)
Collecting packaging>=20.9 (from bert-score)
  Using cached packaging-26.3-py3-none-any.whl.metadata (3.5 kB)
Collecting python-dateutil>=2.8.2 (from pandas>=1.0.1->bert-score)
  Using cached python_dateutil-2.9.0.post0-py2.py3-none-any.whl.metadata (8.4 kB)
Collecting six>=1.5 (from python-dateutil>=2.8.2->pandas>=1.0.1->bert-score)
  Using cached six-1.17.0-py2.py3-none-any.whl.metadata (1.7 kB)
Requirement already satisfied: filelock in /home/vscode/summeval-env/lib/python3.12/site-packages (from torch>=1.0.0->bert-score) (3.32.3)
Requirement already satisfied: typing-extensions>=4.10.0 in /home/vscode/summeval-env/lib/python3.12/site-packages (from torch>=1.0.0->bert-score) (4.16.0)
Requirement already satisfied: setuptools>=77.0.3 in /home/vscode/summeval-env/lib/python3.12/site-packages (from torch>=1.0.0->bert-score) (78.1.0)
Requirement already satisfied: sympy>=1.13.3 in /home/vscode/summeval-env/lib/python3.12/site-packages (from torch>=1.0.0->bert-score) (1.14.0)
Requirement already satisfied: networkx>=2.5.1 in /home/vscode/summeval-env/lib/python3.12/site-packages (from torch>=1.0.0->bert-score) (3.6.1)
Requirement already satisfied: jinja2 in /home/vscode/summeval-env/lib/python3.12/site-packages (from torch>=1.0.0->bert-score) (3.1.6)
Requirement already satisfied: fsspec>=0.8.5 in /home/vscode/summeval-env/lib/python3.12/site-packages (from torch>=1.0.0->bert-score) (2026.7.0)
Requirement already satisfied: mpmath<1.4,>=1.1.0 in /home/vscode/summeval-env/lib/python3.12/site-packages (from sympy>=1.13.3->torch>=1.0.0->bert-score) (1.3.0)
Collecting huggingface-hub<2.0,>=1.5.0 (from transformers>=3.0.0->bert-score)
  Downloading huggingface_hub-1.32.0-py3-none-any.whl.metadata (16 kB)
Collecting pyyaml>=5.1 (from transformers>=3.0.0->bert-score)
  Using cached pyyaml-6.0.3-cp312-cp312-manylinux2014_x86_64.manylinux_2_17_x86_64.manylinux_2_28_x86_64.whl.metadata (2.4 kB)
Collecting regex>=2025.10.22 (from transformers>=3.0.0->bert-score)
  Downloading regex-2026.9.10-cp312-cp312-manylinux2014_x86_64.manylinux_2_17_x86_64.manylinux_2_28_x86_64.whl.metadata (40 kB)
Collecting tokenizers<0.24.0,>=0.23.1 (from transformers>=3.0.0->bert-score)
  Downloading tokenizers-0.23.2-cp310-abi3-manylinux_2_17_x86_64.manylinux2014_x86_64.whl.metadata (9.8 kB)
Collecting typer (from transformers>=3.0.0->bert-score)
  Using cached typer-0.27.2-py3-none-any.whl.metadata (16 kB)
Collecting safetensors>=0.8.0 (from transformers>=3.0.0->bert-score)
  Using cached safetensors-0.8.0-cp310-abi3-manylinux_2_17_x86_64.manylinux2014_x86_64.whl.metadata (4.2 kB)
Collecting click<9.0.0,>=8.4.2 (from huggingface-hub<2.0,>=1.5.0->transformers>=3.0.0->bert-score)
  Using cached click-8.5.0-py3-none-any.whl.metadata (2.6 kB)
Collecting hf-xet<2.0.0,>=1.5.2 (from huggingface-hub<2.0,>=1.5.0->transformers>=3.0.0->bert-score)
  Using cached hf_xet-1.6.0-cp38-abi3-manylinux2014_x86_64.manylinux_2_17_x86_64.whl.metadata (4.9 kB)
Collecting httpx<1,>=0.23.0 (from huggingface-hub<2.0,>=1.5.0->transformers>=3.0.0->bert-score)
  Using cached httpx-0.28.1-py3-none-any.whl.metadata (7.1 kB)
Collecting anyio (from httpx<1,>=0.23.0->huggingface-hub<2.0,>=1.5.0->transformers>=3.0.0->bert-score)
  Downloading anyio-4.15.1-py3-none-any.whl.metadata (4.7 kB)
Collecting certifi (from httpx<1,>=0.23.0->huggingface-hub<2.0,>=1.5.0->transformers>=3.0.0->bert-score)
  Using cached certifi-2026.7.22-py3-none-any.whl.metadata (2.5 kB)
Collecting httpcore==1.* (from httpx<1,>=0.23.0->huggingface-hub<2.0,>=1.5.0->transformers>=3.0.0->bert-score)
  Using cached httpcore-1.0.9-py3-none-any.whl.metadata (21 kB)
Collecting idna (from httpx<1,>=0.23.0->huggingface-hub<2.0,>=1.5.0->transformers>=3.0.0->bert-score)
  Downloading idna-3.20-py3-none-any.whl.metadata (7.2 kB)
Collecting h11>=0.16 (from httpcore==1.*->httpx<1,>=0.23.0->huggingface-hub<2.0,>=1.5.0->transformers>=3.0.0->bert-score)
  Using cached h11-0.16.0-py3-none-any.whl.metadata (8.3 kB)
Requirement already satisfied: MarkupSafe>=2.0 in /home/vscode/summeval-env/lib/python3.12/site-packages (from jinja2->torch>=1.0.0->bert-score) (3.0.3)
Collecting contourpy>=1.0.1 (from matplotlib->bert-score)
  Downloading contourpy-1.4.0-cp312-cp312-manylinux_2_27_x86_64.manylinux_2_28_x86_64.whl.metadata (3.8 kB)
Collecting cycler>=0.10 (from matplotlib->bert-score)
  Downloading cycler-0.12.1-py3-none-any.whl.metadata (3.8 kB)
Collecting fonttools>=4.28.2 (from matplotlib->bert-score)
  Downloading fonttools-4.65.0-cp312-cp312-manylinux2014_x86_64.manylinux_2_17_x86_64.whl.metadata (125 kB)
Collecting kiwisolver>=1.3.1 (from matplotlib->bert-score)
  Downloading kiwisolver-1.5.1-cp312-cp312-manylinux2014_x86_64.manylinux_2_17_x86_64.whl.metadata (5.2 kB)
Collecting pillow>=9 (from matplotlib->bert-score)
  Downloading pillow-12.3.0-cp312-cp312-manylinux_2_27_x86_64.manylinux_2_28_x86_64.whl.metadata (9.1 kB)
Collecting pyparsing>=3 (from matplotlib->bert-score)
  Downloading pyparsing-3.3.3-py3-none-any.whl.metadata (5.9 kB)
Collecting charset_normalizer<4,>=2 (from requests->bert-score)
  Using cached charset_normalizer-3.5.1-cp312-cp312-manylinux2014_x86_64.manylinux_2_17_x86_64.manylinux_2_28_x86_64.whl.metadata (45 kB)
Collecting urllib3<3,>=1.26 (from requests->bert-score)
  Downloading urllib3-2.8.0-py3-none-any.whl.metadata (7.4 kB)
Collecting shellingham>=1.3.0 (from typer->transformers>=3.0.0->bert-score)
  Using cached shellingham-1.5.4-py2.py3-none-any.whl.metadata (3.5 kB)
Collecting rich>=13.8.0 (from typer->transformers>=3.0.0->bert-score)
  Using cached rich-15.0.0-py3-none-any.whl.metadata (18 kB)
Collecting annotated-doc>=0.0.2 (from typer->transformers>=3.0.0->bert-score)
  Using cached annotated_doc-0.0.5-py3-none-any.whl.metadata (6.5 kB)
Collecting markdown-it-py>=2.2.0 (from rich>=13.8.0->typer->transformers>=3.0.0->bert-score)
  Using cached markdown_it_py-4.2.0-py3-none-any.whl.metadata (7.4 kB)
Collecting pygments<3.0.0,>=2.13.0 (from rich>=13.8.0->typer->transformers>=3.0.0->bert-score)
  Using cached pygments-2.21.0-py3-none-any.whl.metadata (2.5 kB)
Collecting mdurl~=0.1 (from markdown-it-py>=2.2.0->rich>=13.8.0->typer->transformers>=3.0.0->bert-score)
  Using cached mdurl-0.1.2-py3-none-any.whl.metadata (1.6 kB)
Downloading bert_score-0.3.13-py3-none-any.whl (61 kB)
Downloading packaging-26.3-py3-none-any.whl (129 kB)
Downloading pandas-3.0.6-cp312-cp312-manylinux_2_24_x86_64.manylinux_2_28_x86_64.whl (10.8 MB)
   ━━━━━━━━━━━━━━━━━━━━━━━━━━━━━━━━━━━━━━━━ 10.8/10.8 MB 33.8 MB/s  0:00:00
Downloading numpy-2.5.3-cp312-cp312-manylinux_2_27_x86_64.manylinux_2_28_x86_64.whl (16.7 MB)
   ━━━━━━━━━━━━━━━━━━━━━━━━━━━━━━━━━━━━━━━━ 16.7/16.7 MB 38.5 MB/s  0:00:00
Downloading python_dateutil-2.9.0.post0-py2.py3-none-any.whl (229 kB)
Using cached six-1.17.0-py2.py3-none-any.whl (11 kB)
Downloading tqdm-4.70.1-py3-none-any.whl (80 kB)
Downloading transformers-5.17.0-py3-none-any.whl (12.3 MB)
   ━━━━━━━━━━━━━━━━━━━━━━━━━━━━━━━━━━━━━━━━ 12.3/12.3 MB 37.9 MB/s  0:00:00
Downloading huggingface_hub-1.32.0-py3-none-any.whl (842 kB)
   ━━━━━━━━━━━━━━━━━━━━━━━━━━━━━━━━━━━━━━━━ 842.9/842.9 kB 25.2 MB/s  0:00:00
Using cached click-8.5.0-py3-none-any.whl (125 kB)
Downloading hf_xet-1.6.0-cp38-abi3-manylinux2014_x86_64.manylinux_2_17_x86_64.whl (4.5 MB)
   ━━━━━━━━━━━━━━━━━━━━━━━━━━━━━━━━━━━━━━━━ 4.5/4.5 MB 37.2 MB/s  0:00:00
Downloading httpx-0.28.1-py3-none-any.whl (73 kB)
Downloading httpcore-1.0.9-py3-none-any.whl (78 kB)
Downloading tokenizers-0.23.2-cp310-abi3-manylinux_2_17_x86_64.manylinux2014_x86_64.whl (3.4 MB)
   ━━━━━━━━━━━━━━━━━━━━━━━━━━━━━━━━━━━━━━━━ 3.4/3.4 MB 39.3 MB/s  0:00:00
Downloading h11-0.16.0-py3-none-any.whl (37 kB)
Downloading pyyaml-6.0.3-cp312-cp312-manylinux2014_x86_64.manylinux_2_17_x86_64.manylinux_2_28_x86_64.whl (807 kB)
   ━━━━━━━━━━━━━━━━━━━━━━━━━━━━━━━━━━━━━━━━ 807.9/807.9 kB 21.3 MB/s  0:00:00
Downloading regex-2026.9.10-cp312-cp312-manylinux2014_x86_64.manylinux_2_17_x86_64.manylinux_2_28_x86_64.whl (804 kB)
   ━━━━━━━━━━━━━━━━━━━━━━━━━━━━━━━━━━━━━━━━ 804.6/804.6 kB 21.8 MB/s  0:00:00
Downloading safetensors-0.8.0-cp310-abi3-manylinux_2_17_x86_64.manylinux2014_x86_64.whl (516 kB)
Downloading anyio-4.15.1-py3-none-any.whl (132 kB)
Downloading idna-3.20-py3-none-any.whl (69 kB)
Using cached certifi-2026.7.22-py3-none-any.whl (136 kB)
Downloading matplotlib-3.11.2-cp312-cp312-manylinux2014_x86_64.manylinux_2_17_x86_64.whl (9.9 MB)
   ━━━━━━━━━━━━━━━━━━━━━━━━━━━━━━━━━━━━━━━━ 9.9/9.9 MB 37.1 MB/s  0:00:00
Downloading contourpy-1.4.0-cp312-cp312-manylinux_2_27_x86_64.manylinux_2_28_x86_64.whl (383 kB)
Downloading cycler-0.12.1-py3-none-any.whl (8.3 kB)
Downloading fonttools-4.65.0-cp312-cp312-manylinux2014_x86_64.manylinux_2_17_x86_64.whl (5.4 MB)
   ━━━━━━━━━━━━━━━━━━━━━━━━━━━━━━━━━━━━━━━━ 5.4/5.4 MB 32.0 MB/s  0:00:00
Downloading kiwisolver-1.5.1-cp312-cp312-manylinux2014_x86_64.manylinux_2_17_x86_64.whl (1.5 MB)
   ━━━━━━━━━━━━━━━━━━━━━━━━━━━━━━━━━━━━━━━━ 1.5/1.5 MB 34.6 MB/s  0:00:00
Downloading pillow-12.3.0-cp312-cp312-manylinux_2_27_x86_64.manylinux_2_28_x86_64.whl (6.9 MB)
   ━━━━━━━━━━━━━━━━━━━━━━━━━━━━━━━━━━━━━━━━ 6.9/6.9 MB 38.2 MB/s  0:00:00
Downloading pyparsing-3.3.3-py3-none-any.whl (126 kB)
Downloading requests-2.34.2-py3-none-any.whl (73 kB)
Downloading charset_normalizer-3.5.1-cp312-cp312-manylinux2014_x86_64.manylinux_2_17_x86_64.manylinux_2_28_x86_64.whl (248 kB)
Downloading urllib3-2.8.0-py3-none-any.whl (135 kB)
Downloading typer-0.27.2-py3-none-any.whl (123 kB)
Downloading annotated_doc-0.0.5-py3-none-any.whl (5.3 kB)
Downloading rich-15.0.0-py3-none-any.whl (310 kB)
Downloading pygments-2.21.0-py3-none-any.whl (1.3 MB)
   ━━━━━━━━━━━━━━━━━━━━━━━━━━━━━━━━━━━━━━━━ 1.3/1.3 MB 29.8 MB/s  0:00:00
Downloading markdown_it_py-4.2.0-py3-none-any.whl (91 kB)
Downloading mdurl-0.1.2-py3-none-any.whl (10.0 kB)
Downloading shellingham-1.5.4-py2.py3-none-any.whl (9.8 kB)
Installing collected packages: urllib3, tqdm, six, shellingham, safetensors, regex, pyyaml, pyparsing, pygments, pillow, packaging, numpy, mdurl, kiwisolver, idna, hf-xet, h11, fonttools, cycler, click, charset_normalizer, certifi, annotated-doc, requests, python-dateutil, markdown-it-py, httpcore, contourpy, anyio, rich, pandas, matplotlib, httpx, typer, huggingface-hub, tokenizers, transformers, bert-score

ERROR: pip's dependency resolver does not currently take into account all the packages that are installed. This behaviour is the source of the following dependency conflicts.
summ-eval 0.892 requires blanc, which is not installed.
summ-eval 0.892 requires cython, which is not installed.
summ-eval 0.892 requires moverscore, which is not installed.
summ-eval 0.892 requires nltk, which is not installed.
summ-eval 0.892 requires psutil, which is not installed.
summ-eval 0.892 requires pyemd==0.5.1, which is not installed.
summ-eval 0.892 requires pytorch-pretrained-bert, which is not installed.
summ-eval 0.892 requires sacremoses, which is not installed.
summ-eval 0.892 requires scipy, which is not installed.
summ-eval 0.892 requires spacy>=2.2.0, which is not installed.
summ-eval 0.892 requires stanza, which is not installed.
Successfully installed annotated-doc-0.0.5 anyio-4.15.1 bert-score-0.3.13 certifi-2026.7.22 charset_normalizer-3.5.1 click-8.5.0 contourpy-1.4.0 cycler-0.12.1 fonttools-4.65.0 h11-0.16.0 hf-xet-1.6.0 httpcore-1.0.9 httpx-0.28.1 huggingface-hub-1.32.0 idna-3.20 kiwisolver-1.5.1 markdown-it-py-4.2.0 matplotlib-3.11.2 mdurl-0.1.2 numpy-2.5.3 packaging-26.3 pandas-3.0.6 pillow-12.3.0 pygments-2.21.0 pyparsing-3.3.3 python-dateutil-2.9.0.post0 pyyaml-6.0.3 regex-2026.9.10 requests-2.34.2 rich-15.0.0 safetensors-0.8.0 shellingham-1.5.4 six-1.17.0 tokenizers-0.23.2 tqdm-4.70.1 transformers-5.17.0 typer-0.27.2 urllib3-2.8.0
